---
source: crates/katachi-test-support/tests/e2e.rs
expression: record
---
{
  "events_count": 3,
  "finished_at": "[ts]",
  "plan": {
    "backend": "cli",
    "execution": {
      "argv": [
        "/bin/sh",
        "-c",
        "echo hi"
      ],
      "backend": "cli"
    },
    "harness": "claude",
    "materialization": {
      "files": [],
      "mode": "ambient"
    },
    "run_id": "[uuid]",
    "schema_version": 1,
    "summary": "fake harness: echo hi",
    "transcript_mode": "raw_only"
  },
  "request": {
    "action": {
      "kind": "execute",
      "prompt": "say hi"
    },
    "cwd": "[tmpdir]",
    "dry_run": false,
    "katachi_id": "fake-demo",
    "materialization": "temp-overlay",
    "preferred_backends": [],
    "preferred_harnesses": [],
    "schema_version": 1
  },
  "result": {
    "exit_code": 0,
    "outcome": "success",
    "summary": "exited successfully"
  },
  "run_id": "[uuid]",
  "schema_version": 1,
  "started_at": "[ts]"
}
